// Jest Snapshot v1, https://goo.gl/fbAQLP

exports[`save defaultArticle save 1`] = `
<div
  className="addArticles"
>
  <AddArticleView
    activeCalendar=""
    addInfo={
      Object {
        "archiveLocation": "",
        "language": "",
        "publicationType": "",
        "similarityCheckURL": "http://",
      }
    }
    addSection={[Function]}
    addToCart={[Function]}
    article={
      Object {
        "abstract": "",
        "doi": "10.5555/",
        "firstPage": "",
        "freetolicense": "",
        "lastPage": "",
        "locationId": "",
        "onlineDateDay": "",
        "onlineDateMonth": "",
        "onlineDateYear": "",
        "originallanguagetitle": "",
        "originallanguagetitlesubtitle": "",
        "printDateDay": "",
        "printDateMonth": "",
        "printDateYear": "",
        "subtitle": "",
        "title": "",
        "url": "http://",
      }
    }
    back={[Function]}
    boundSetState={[Function]}
    calendarHandler={[Function]}
    contributors={
      Array [
        Object {
          "affiliation": "",
          "errors": Object {
            "contributorGroupName": false,
            "contributorGroupRole": false,
            "contributorLastName": false,
            "contributorRole": false,
          },
          "firstName": "",
          "groupAuthorName": "",
          "groupAuthorRole": "",
          "lastName": "",
          "orcid": "",
          "role": "",
          "suffix": "",
        },
      ]
    }
    criticalErrors={Object {}}
    crossmark={false}
    crossmarkCards={Object {}}
    crossmarkUtility={
      Object {
        "addCrossmarkCard": [Function],
        "removeCrossmarkCard": [Function],
      }
    }
    doiDisabled={false}
    editArticleDoi="10.5555/defaultArticle"
    error={false}
    errorMessages={Array []}
    errorUtility={
      Object {
        "activeIndicator": -1,
        "assignStickyErrorRefresh": [Function],
        "errorIndicators": Array [],
        "onValidate": [Function],
        "openingSubItem": false,
        "refreshStickyError": [Function],
        "saveRef": [Function],
        "setErrorMessages": [Function],
        "stickyErrorMounted": false,
        "subItemIndex": "0",
      }
    }
    errors={
      Object {
        "contributorGroupName": false,
        "contributorGroupRole": false,
        "contributorLastName": false,
        "contributorRole": false,
        "doi": false,
        "dupedoi": false,
        "firstPage": false,
        "invalidDoiPrefix": false,
        "invaliddoi": false,
        "invalidurl": false,
        "licenseDateIncomplete": false,
        "licenseDateInvalid": false,
        "licenseUrl": false,
        "licenseUrlInvalid": false,
        "onlineDateIncomplete": false,
        "onlineDateInvalid": false,
        "onlineDateYear": false,
        "printDateIncomplete": false,
        "printDateInvalid": false,
        "printDateYear": false,
        "relatedItemDoiInvalid": false,
        "relatedItemIdType": false,
        "relatedItemRelType": false,
        "simCheckUrlInvalid": false,
        "title": false,
        "url": false,
      }
    }
    focusedInput=""
    funding={
      Array [
        Object {
          "funderName": "",
          "funder_identifier": "",
          "grantNumbers": Array [
            "",
          ],
        },
      ]
    }
    handleChange={[Function]}
    isDuplicate={false}
    license={
      Array [
        Object {
          "acceptedDateDay": "",
          "acceptedDateMonth": "",
          "acceptedDateYear": "",
          "appliesto": "",
          "errors": Object {
            "freetolicense": false,
            "licenseDateIncomplete": false,
            "licenseDateInvalid": false,
            "licenseUrl": false,
            "licenseUrlInvalid": false,
          },
          "licenseurl": "http://",
        },
      ]
    }
    mode="edit"
    openItems={
      Object {
        "Contributors": false,
        "Funding": false,
        "Licenses": false,
        "References": false,
        "RelatedItems": false,
        "addInfo": false,
      }
    }
    openReviewArticleModal={[Function]}
    ownerPrefix="10.5555"
    publicationMetaData={Object {}}
    publicationXml=""
    reduxDeleteCard={[Function]}
    reduxForm={Object {}}
    references={Array []}
    relatedItems={
      Array [
        Object {
          "description": "",
          "errors": Object {
            "relatedItemDoiInvalid": false,
            "relatedItemIdType": false,
            "relatedItemRelType": false,
          },
          "identifierType": "",
          "relatedItemIdentifier": "",
          "relationType": "",
        },
      ]
    }
    removeSection={[Function]}
    save={[Function]}
    saving={false}
    scrollTimeout={null}
    scrollToTopButton={false}
    showAdditionalInformation={false}
    showCards={Object {}}
    showContributor={false}
    showFunding={false}
    showHelper={true}
    showOptionalTitleData={false}
    showRelatedItems={false}
    toggleFields={[Function]}
    tooltipUtility={
      Object {
        "assignFocus": [Function],
        "assignRefreshTask": [Function],
        "getFocusedInput": [Function],
        "refresh": [Function],
        "tooltipMounted": false,
      }
    }
    validate={[Function]}
    validating={false}
    version="1"
  />
  <div
    className="rightBar"
  />
</div>
`;
